// Jest Snapshot v1, https://goo.gl/fbAQLP

exports[`Test page Load Check if component rendered correctly 1`] = `
<Styled(WithStyles(ForwardRef(Dialog)))
  aria-labelledby="customized-dialog-title"
  open={false}
>
  <WithStyles(ForwardRef(Typography))
    gutterBottom={true}
    variant="h6"
  />
  <WithStyles(ForwardRef(CircularProgress)) />
</Styled(WithStyles(ForwardRef(Dialog)))>
`;
